[2026-04-17T22:15:31.216+0800][gc,heap] Heap region size: 1M
[2026-04-17T22:15:31.263+0800][gc     ] Using G1
[2026-04-17T22:15:31.263+0800][gc,heap,coops] Heap address: 0x00000000c0000000, size: 1024 MB, Compressed Oops mode: 32-bit
[2026-04-17T22:15:31.264+0800][gc,cds       ] Mark closed archive regions in map: [0x00000000fff00000, 0x00000000fff6bff8]
[2026-04-17T22:15:31.264+0800][gc,cds       ] Mark open archive regions in map: [0x00000000ffe00000, 0x00000000ffe47ff8]
[2026-04-17T22:15:33.571+0800][gc,start     ] GC(0) Pause Young (Normal) (G1 Evacuation Pause)
[2026-04-17T22:15:33.575+0800][gc,task      ] GC(0) Using 8 workers of 8 for evacuation
[2026-04-17T22:15:33.593+0800][gc,phases    ] GC(0)   Pre Evacuate Collection Set: 0.0ms
[2026-04-17T22:15:33.594+0800][gc,phases    ] GC(0)   Evacuate Collection Set: 16.7ms
[2026-04-17T22:15:33.594+0800][gc,phases    ] GC(0)   Post Evacuate Collection Set: 1.6ms
[2026-04-17T22:15:33.594+0800][gc,phases    ] GC(0)   Other: 4.3ms
[2026-04-17T22:15:33.594+0800][gc,heap      ] GC(0) Eden regions: 51->0(44)
[2026-04-17T22:15:33.594+0800][gc,heap      ] GC(0) Survivor regions: 0->7(7)
[2026-04-17T22:15:33.594+0800][gc,heap      ] GC(0) Old regions: 2->2
[2026-04-17T22:15:33.594+0800][gc,heap      ] GC(0) Humongous regions: 0->0
[2026-04-17T22:15:33.594+0800][gc,metaspace ] GC(0) Metaspace: 14277K(15104K)->14277K(15104K) NonClass: 12527K(13056K)->12527K(13056K) Class: 1750K(2048K)->1750K(2048K)
[2026-04-17T22:15:33.594+0800][gc           ] GC(0) Pause Young (Normal) (G1 Evacuation Pause) 51M->7M(1024M) 22.792ms
[2026-04-17T22:15:33.594+0800][gc,cpu       ] GC(0) User=0.11s Sys=0.04s Real=0.02s
[2026-04-17T22:15:34.971+0800][gc,start     ] GC(1) Pause Young (Concurrent Start) (Metadata GC Threshold)
[2026-04-17T22:15:34.971+0800][gc,task      ] GC(1) Using 8 workers of 8 for evacuation
[2026-04-17T22:15:34.997+0800][gc,mmu       ] GC(1) MMU target violated: 21.0ms (20.0ms/21.0ms)
[2026-04-17T22:15:34.997+0800][gc,phases    ] GC(1)   Pre Evacuate Collection Set: 0.1ms
[2026-04-17T22:15:34.997+0800][gc,phases    ] GC(1)   Evacuate Collection Set: 24.0ms
[2026-04-17T22:15:34.997+0800][gc,phases    ] GC(1)   Post Evacuate Collection Set: 1.3ms
[2026-04-17T22:15:34.997+0800][gc,phases    ] GC(1)   Other: 0.7ms
[2026-04-17T22:15:34.997+0800][gc,heap      ] GC(1) Eden regions: 30->0(49)
[2026-04-17T22:15:34.997+0800][gc,heap      ] GC(1) Survivor regions: 7->2(7)
[2026-04-17T22:15:34.997+0800][gc,heap      ] GC(1) Old regions: 2->9
[2026-04-17T22:15:34.997+0800][gc,heap      ] GC(1) Humongous regions: 0->0
[2026-04-17T22:15:34.997+0800][gc,metaspace ] GC(1) Metaspace: 20553K(21248K)->20553K(21248K) NonClass: 18057K(18432K)->18057K(18432K) Class: 2495K(2816K)->2495K(2816K)
[2026-04-17T22:15:34.997+0800][gc           ] GC(1) Pause Young (Concurrent Start) (Metadata GC Threshold) 36M->8M(1024M) 26.303ms
[2026-04-17T22:15:34.997+0800][gc,cpu       ] GC(1) User=0.06s Sys=0.04s Real=0.02s
[2026-04-17T22:15:34.997+0800][gc           ] GC(2) Concurrent Cycle
[2026-04-17T22:15:34.997+0800][gc,marking   ] GC(2) Concurrent Clear Claimed Marks
[2026-04-17T22:15:34.998+0800][gc,marking   ] GC(2) Concurrent Clear Claimed Marks 0.315ms
[2026-04-17T22:15:34.998+0800][gc,marking   ] GC(2) Concurrent Scan Root Regions
[2026-04-17T22:15:35.001+0800][gc,marking   ] GC(2) Concurrent Scan Root Regions 2.796ms
[2026-04-17T22:15:35.001+0800][gc,marking   ] GC(2) Concurrent Mark (3.799s)
[2026-04-17T22:15:35.001+0800][gc,marking   ] GC(2) Concurrent Mark From Roots
[2026-04-17T22:15:35.001+0800][gc,task      ] GC(2) Using 2 workers of 2 for marking
[2026-04-17T22:15:35.008+0800][gc,marking   ] GC(2) Concurrent Mark From Roots 7.765ms
[2026-04-17T22:15:35.009+0800][gc,marking   ] GC(2) Concurrent Preclean
[2026-04-17T22:15:35.010+0800][gc,marking   ] GC(2) Concurrent Preclean 0.983ms
[2026-04-17T22:15:35.010+0800][gc,marking   ] GC(2) Concurrent Mark (3.799s, 3.808s) 9.033ms
[2026-04-17T22:15:35.010+0800][gc,start     ] GC(2) Pause Remark
[2026-04-17T22:15:35.015+0800][gc,stringtable] GC(2) Cleaned string and symbol table, strings: 5725 processed, 0 removed, symbols: 53747 processed, 44 removed
[2026-04-17T22:15:35.016+0800][gc            ] GC(2) Pause Remark 9M->9M(1024M) 5.432ms
[2026-04-17T22:15:35.016+0800][gc,cpu        ] GC(2) User=0.02s Sys=0.00s Real=0.00s
[2026-04-17T22:15:35.016+0800][gc,marking    ] GC(2) Concurrent Rebuild Remembered Sets
[2026-04-17T22:15:35.022+0800][gc,marking    ] GC(2) Concurrent Rebuild Remembered Sets 5.624ms
[2026-04-17T22:15:35.022+0800][gc,start      ] GC(2) Pause Cleanup
[2026-04-17T22:15:35.024+0800][gc            ] GC(2) Pause Cleanup 9M->9M(1024M) 1.064ms
[2026-04-17T22:15:35.024+0800][gc,cpu        ] GC(2) User=0.00s Sys=0.00s Real=0.00s
[2026-04-17T22:15:35.024+0800][gc,marking    ] GC(2) Concurrent Cleanup for Next Mark
[2026-04-17T22:15:35.088+0800][gc,marking    ] GC(2) Concurrent Cleanup for Next Mark 63.702ms
[2026-04-17T22:15:35.088+0800][gc            ] GC(2) Concurrent Cycle 90.587ms
[2026-04-17T22:15:39.908+0800][gc,start      ] GC(3) Pause Young (Concurrent Start) (G1 Evacuation Pause)
[2026-04-17T22:15:39.908+0800][gc,task       ] GC(3) Using 8 workers of 8 for evacuation
[2026-04-17T22:15:39.921+0800][gc,phases     ] GC(3)   Pre Evacuate Collection Set: 0.2ms
[2026-04-17T22:15:39.922+0800][gc,phases     ] GC(3)   Evacuate Collection Set: 11.1ms
[2026-04-17T22:15:39.922+0800][gc,phases     ] GC(3)   Post Evacuate Collection Set: 1.2ms
[2026-04-17T22:15:39.922+0800][gc,phases     ] GC(3)   Other: 0.7ms
[2026-04-17T22:15:39.922+0800][gc,heap       ] GC(3) Eden regions: 49->0(46)
[2026-04-17T22:15:39.922+0800][gc,heap       ] GC(3) Survivor regions: 2->5(7)
[2026-04-17T22:15:39.922+0800][gc,heap       ] GC(3) Old regions: 9->9
[2026-04-17T22:15:39.922+0800][gc,heap       ] GC(3) Humongous regions: 129->129
[2026-04-17T22:15:39.922+0800][gc,metaspace  ] GC(3) Metaspace: 28554K(29696K)->28554K(29696K) NonClass: 25239K(25856K)->25239K(25856K) Class: 3314K(3840K)->3314K(3840K)
[2026-04-17T22:15:39.922+0800][gc            ] GC(3) Pause Young (Concurrent Start) (G1 Evacuation Pause) 186M->140M(1024M) 13.479ms
[2026-04-17T22:15:39.922+0800][gc,cpu        ] GC(3) User=0.07s Sys=0.00s Real=0.02s
[2026-04-17T22:15:39.922+0800][gc            ] GC(4) Concurrent Cycle
[2026-04-17T22:15:39.922+0800][gc,marking    ] GC(4) Concurrent Clear Claimed Marks
[2026-04-17T22:15:39.922+0800][gc,marking    ] GC(4) Concurrent Clear Claimed Marks 0.200ms
[2026-04-17T22:15:39.922+0800][gc,marking    ] GC(4) Concurrent Scan Root Regions
[2026-04-17T22:15:39.927+0800][gc,marking    ] GC(4) Concurrent Scan Root Regions 4.620ms
[2026-04-17T22:15:39.927+0800][gc,marking    ] GC(4) Concurrent Mark (8.725s)
[2026-04-17T22:15:39.927+0800][gc,marking    ] GC(4) Concurrent Mark From Roots
[2026-04-17T22:15:39.927+0800][gc,task       ] GC(4) Using 2 workers of 2 for marking
[2026-04-17T22:15:39.945+0800][gc,marking    ] GC(4) Concurrent Mark From Roots 17.858ms
[2026-04-17T22:15:39.945+0800][gc,marking    ] GC(4) Concurrent Preclean
[2026-04-17T22:15:39.946+0800][gc,marking    ] GC(4) Concurrent Preclean 0.392ms
[2026-04-17T22:15:39.946+0800][gc,marking    ] GC(4) Concurrent Mark (8.725s, 8.744s) 18.614ms
[2026-04-17T22:15:39.947+0800][gc,start      ] GC(4) Pause Remark
[2026-04-17T22:15:39.953+0800][gc,stringtable] GC(4) Cleaned string and symbol table, strings: 8611 processed, 14 removed, symbols: 68744 processed, 13 removed
[2026-04-17T22:15:39.954+0800][gc            ] GC(4) Pause Remark 141M->141M(1024M) 7.250ms
[2026-04-17T22:15:39.954+0800][gc,cpu        ] GC(4) User=0.03s Sys=0.00s Real=0.01s
[2026-04-17T22:15:39.955+0800][gc,marking    ] GC(4) Concurrent Rebuild Remembered Sets
[2026-04-17T22:15:39.965+0800][gc,marking    ] GC(4) Concurrent Rebuild Remembered Sets 9.665ms
[2026-04-17T22:15:39.966+0800][gc,start      ] GC(4) Pause Cleanup
[2026-04-17T22:15:39.967+0800][gc            ] GC(4) Pause Cleanup 142M->142M(1024M) 0.996ms
[2026-04-17T22:15:39.967+0800][gc,cpu        ] GC(4) User=0.01s Sys=0.00s Real=0.00s
[2026-04-17T22:15:39.968+0800][gc,marking    ] GC(4) Concurrent Cleanup for Next Mark
[2026-04-17T22:15:40.177+0800][gc,marking    ] GC(4) Concurrent Cleanup for Next Mark 209.305ms
[2026-04-17T22:15:40.177+0800][gc            ] GC(4) Concurrent Cycle 255.207ms
[2026-04-17T22:16:17.930+0800][gc,start      ] GC(5) Pause Young (Normal) (G1 Evacuation Pause)
[2026-04-17T22:16:17.930+0800][gc,task       ] GC(5) Using 8 workers of 8 for evacuation
[2026-04-17T22:16:17.956+0800][gc,mmu        ] GC(5) MMU target violated: 21.0ms (20.0ms/21.0ms)
[2026-04-17T22:16:17.956+0800][gc,phases     ] GC(5)   Pre Evacuate Collection Set: 0.0ms
[2026-04-17T22:16:17.956+0800][gc,phases     ] GC(5)   Evacuate Collection Set: 23.7ms
[2026-04-17T22:16:17.956+0800][gc,phases     ] GC(5)   Post Evacuate Collection Set: 1.8ms
[2026-04-17T22:16:17.956+0800][gc,phases     ] GC(5)   Other: 0.8ms
[2026-04-17T22:16:17.956+0800][gc,heap       ] GC(5) Eden regions: 46->0(48)
[2026-04-17T22:16:17.956+0800][gc,heap       ] GC(5) Survivor regions: 5->3(7)
[2026-04-17T22:16:17.956+0800][gc,heap       ] GC(5) Old regions: 9->13
[2026-04-17T22:16:17.956+0800][gc,heap       ] GC(5) Humongous regions: 129->129
[2026-04-17T22:16:17.956+0800][gc,metaspace  ] GC(5) Metaspace: 37264K(39040K)->37264K(39040K) NonClass: 32637K(33536K)->32637K(33536K) Class: 4627K(5504K)->4627K(5504K)
[2026-04-17T22:16:17.956+0800][gc            ] GC(5) Pause Young (Normal) (G1 Evacuation Pause) 186M->143M(1024M) 26.462ms
[2026-04-17T22:16:17.956+0800][gc,cpu        ] GC(5) User=0.08s Sys=0.08s Real=0.03s
[2026-04-17T22:22:47.549+0800][gc,start      ] GC(6) Pause Young (Normal) (G1 Evacuation Pause)
[2026-04-17T22:22:47.554+0800][gc,task       ] GC(6) Using 8 workers of 8 for evacuation
[2026-04-17T22:22:47.660+0800][gc,mmu        ] GC(6) MMU target violated: 21.0ms (20.0ms/21.0ms)
[2026-04-17T22:22:47.661+0800][gc,phases     ] GC(6)   Pre Evacuate Collection Set: 33.4ms
[2026-04-17T22:22:47.662+0800][gc,phases     ] GC(6)   Evacuate Collection Set: 68.0ms
[2026-04-17T22:22:47.662+0800][gc,phases     ] GC(6)   Post Evacuate Collection Set: 3.5ms
[2026-04-17T22:22:47.662+0800][gc,phases     ] GC(6)   Other: 6.9ms
[2026-04-17T22:22:47.663+0800][gc,heap       ] GC(6) Eden regions: 48->0(46)
[2026-04-17T22:22:47.663+0800][gc,heap       ] GC(6) Survivor regions: 3->5(7)
[2026-04-17T22:22:47.663+0800][gc,heap       ] GC(6) Old regions: 13->13
[2026-04-17T22:22:47.663+0800][gc,heap       ] GC(6) Humongous regions: 129->129
[2026-04-17T22:22:47.663+0800][gc,metaspace  ] GC(6) Metaspace: 41705K(44160K)->41705K(44160K) NonClass: 36359K(37632K)->36359K(37632K) Class: 5346K(6528K)->5346K(6528K)
[2026-04-17T22:22:47.666+0800][gc            ] GC(6) Pause Young (Normal) (G1 Evacuation Pause) 191M->145M(1024M) 115.084ms
[2026-04-17T22:22:47.666+0800][gc,cpu        ] GC(6) User=0.50s Sys=0.00s Real=0.12s
[2026-04-17T22:24:11.399+0800][gc,start      ] GC(7) Pause Young (Normal) (G1 Evacuation Pause)
[2026-04-17T22:24:11.399+0800][gc,task       ] GC(7) Using 8 workers of 8 for evacuation
[2026-04-17T22:24:11.414+0800][gc,phases     ] GC(7)   Pre Evacuate Collection Set: 0.5ms
[2026-04-17T22:24:11.414+0800][gc,phases     ] GC(7)   Evacuate Collection Set: 12.6ms
[2026-04-17T22:24:11.414+0800][gc,phases     ] GC(7)   Post Evacuate Collection Set: 1.7ms
[2026-04-17T22:24:11.415+0800][gc,phases     ] GC(7)   Other: 0.8ms
[2026-04-17T22:24:11.415+0800][gc,heap       ] GC(7) Eden regions: 46->0(48)
[2026-04-17T22:24:11.415+0800][gc,heap       ] GC(7) Survivor regions: 5->3(7)
[2026-04-17T22:24:11.415+0800][gc,heap       ] GC(7) Old regions: 13->16
[2026-04-17T22:24:11.415+0800][gc,heap       ] GC(7) Humongous regions: 129->129
[2026-04-17T22:24:11.415+0800][gc,metaspace  ] GC(7) Metaspace: 41785K(44160K)->41785K(44160K) NonClass: 36437K(37632K)->36437K(37632K) Class: 5347K(6528K)->5347K(6528K)
[2026-04-17T22:24:11.415+0800][gc            ] GC(7) Pause Young (Normal) (G1 Evacuation Pause) 191M->145M(1024M) 15.764ms
[2026-04-17T22:24:11.415+0800][gc,cpu        ] GC(7) User=0.08s Sys=0.01s Real=0.01s
[2026-04-17T22:25:41.381+0800][gc,start      ] GC(8) Pause Young (Normal) (G1 Evacuation Pause)
[2026-04-17T22:25:41.408+0800][gc,task       ] GC(8) Using 8 workers of 8 for evacuation
[2026-04-17T22:25:41.421+0800][gc,phases     ] GC(8)   Pre Evacuate Collection Set: 1.2ms
[2026-04-17T22:25:41.421+0800][gc,phases     ] GC(8)   Evacuate Collection Set: 9.1ms
[2026-04-17T22:25:41.421+0800][gc,phases     ] GC(8)   Post Evacuate Collection Set: 2.1ms
[2026-04-17T22:25:41.421+0800][gc,phases     ] GC(8)   Other: 27.6ms
[2026-04-17T22:25:41.421+0800][gc,heap       ] GC(8) Eden regions: 48->0(48)
[2026-04-17T22:25:41.421+0800][gc,heap       ] GC(8) Survivor regions: 3->3(7)
[2026-04-17T22:25:41.421+0800][gc,heap       ] GC(8) Old regions: 16->16
[2026-04-17T22:25:41.421+0800][gc,heap       ] GC(8) Humongous regions: 129->129
[2026-04-17T22:25:41.421+0800][gc,metaspace  ] GC(8) Metaspace: 41869K(44416K)->41869K(44416K) NonClass: 36522K(37888K)->36522K(37888K) Class: 5347K(6528K)->5347K(6528K)
[2026-04-17T22:25:41.421+0800][gc            ] GC(8) Pause Young (Normal) (G1 Evacuation Pause) 193M->145M(1024M) 40.143ms
[2026-04-17T22:25:41.421+0800][gc,cpu        ] GC(8) User=0.07s Sys=0.01s Real=0.04s
[2026-04-17T22:27:07.488+0800][gc,start      ] GC(9) Pause Young (Normal) (G1 Evacuation Pause)
[2026-04-17T22:27:07.488+0800][gc,task       ] GC(9) Using 8 workers of 8 for evacuation
[2026-04-17T22:27:07.500+0800][gc,phases     ] GC(9)   Pre Evacuate Collection Set: 0.2ms
[2026-04-17T22:27:07.500+0800][gc,phases     ] GC(9)   Evacuate Collection Set: 9.3ms
[2026-04-17T22:27:07.500+0800][gc,phases     ] GC(9)   Post Evacuate Collection Set: 2.0ms
[2026-04-17T22:27:07.500+0800][gc,phases     ] GC(9)   Other: 2.0ms
[2026-04-17T22:27:07.500+0800][gc,heap       ] GC(9) Eden regions: 48->0(48)
[2026-04-17T22:27:07.500+0800][gc,heap       ] GC(9) Survivor regions: 3->3(7)
[2026-04-17T22:27:07.500+0800][gc,heap       ] GC(9) Old regions: 16->16
[2026-04-17T22:27:07.500+0800][gc,heap       ] GC(9) Humongous regions: 129->129
[2026-04-17T22:27:07.500+0800][gc,metaspace  ] GC(9) Metaspace: 42008K(44416K)->42008K(44416K) NonClass: 36660K(37888K)->36660K(37888K) Class: 5348K(6528K)->5348K(6528K)
[2026-04-17T22:27:07.500+0800][gc            ] GC(9) Pause Young (Normal) (G1 Evacuation Pause) 193M->145M(1024M) 12.451ms
[2026-04-17T22:27:07.501+0800][gc,cpu        ] GC(9) User=0.07s Sys=0.00s Real=0.02s
[2026-04-17T22:28:28.250+0800][gc,start      ] GC(10) Pause Young (Normal) (G1 Evacuation Pause)
[2026-04-17T22:28:28.250+0800][gc,task       ] GC(10) Using 8 workers of 8 for evacuation
[2026-04-17T22:28:28.332+0800][gc,mmu        ] GC(10) MMU target violated: 21.0ms (20.0ms/21.0ms)
[2026-04-17T22:28:28.333+0800][gc,phases     ] GC(10)   Pre Evacuate Collection Set: 25.9ms
[2026-04-17T22:28:28.333+0800][gc,phases     ] GC(10)   Evacuate Collection Set: 54.1ms
[2026-04-17T22:28:28.333+0800][gc,phases     ] GC(10)   Post Evacuate Collection Set: 1.9ms
[2026-04-17T22:28:28.333+0800][gc,phases     ] GC(10)   Other: 1.0ms
[2026-04-17T22:28:28.333+0800][gc,heap       ] GC(10) Eden regions: 48->0(48)
[2026-04-17T22:28:28.333+0800][gc,heap       ] GC(10) Survivor regions: 3->3(7)
[2026-04-17T22:28:28.333+0800][gc,heap       ] GC(10) Old regions: 16->16
[2026-04-17T22:28:28.333+0800][gc,heap       ] GC(10) Humongous regions: 129->129
[2026-04-17T22:28:28.333+0800][gc,metaspace  ] GC(10) Metaspace: 42091K(44672K)->42091K(44672K) NonClass: 36743K(38144K)->36743K(38144K) Class: 5348K(6528K)->5348K(6528K)
[2026-04-17T22:28:28.333+0800][gc            ] GC(10) Pause Young (Normal) (G1 Evacuation Pause) 193M->145M(1024M) 82.940ms
[2026-04-17T22:28:28.333+0800][gc,cpu        ] GC(10) User=0.32s Sys=0.07s Real=0.08s
[2026-04-17T22:30:00.402+0800][gc,start      ] GC(11) Pause Young (Normal) (G1 Evacuation Pause)
[2026-04-17T22:30:00.402+0800][gc,task       ] GC(11) Using 8 workers of 8 for evacuation
[2026-04-17T22:30:00.417+0800][gc,phases     ] GC(11)   Pre Evacuate Collection Set: 0.8ms
[2026-04-17T22:30:00.417+0800][gc,phases     ] GC(11)   Evacuate Collection Set: 11.0ms
[2026-04-17T22:30:00.417+0800][gc,phases     ] GC(11)   Post Evacuate Collection Set: 2.2ms
[2026-04-17T22:30:00.417+0800][gc,phases     ] GC(11)   Other: 0.6ms
[2026-04-17T22:30:00.417+0800][gc,heap       ] GC(11) Eden regions: 48->0(48)
[2026-04-17T22:30:00.417+0800][gc,heap       ] GC(11) Survivor regions: 3->3(7)
[2026-04-17T22:30:00.417+0800][gc,heap       ] GC(11) Old regions: 16->16
[2026-04-17T22:30:00.417+0800][gc,heap       ] GC(11) Humongous regions: 129->129
[2026-04-17T22:30:00.417+0800][gc,metaspace  ] GC(11) Metaspace: 42132K(44672K)->42132K(44672K) NonClass: 36784K(38144K)->36784K(38144K) Class: 5348K(6528K)->5348K(6528K)
[2026-04-17T22:30:00.417+0800][gc            ] GC(11) Pause Young (Normal) (G1 Evacuation Pause) 193M->146M(1024M) 14.979ms
[2026-04-17T22:30:00.417+0800][gc,cpu        ] GC(11) User=0.09s Sys=0.00s Real=0.01s
[2026-04-17T22:31:26.530+0800][gc,start      ] GC(12) Pause Young (Normal) (G1 Evacuation Pause)
[2026-04-17T22:31:26.530+0800][gc,task       ] GC(12) Using 8 workers of 8 for evacuation
[2026-04-17T22:31:26.546+0800][gc,phases     ] GC(12)   Pre Evacuate Collection Set: 0.2ms
[2026-04-17T22:31:26.546+0800][gc,phases     ] GC(12)   Evacuate Collection Set: 13.0ms
[2026-04-17T22:31:26.546+0800][gc,phases     ] GC(12)   Post Evacuate Collection Set: 2.4ms
[2026-04-17T22:31:26.546+0800][gc,phases     ] GC(12)   Other: 0.9ms
[2026-04-17T22:31:26.547+0800][gc,heap       ] GC(12) Eden regions: 48->0(47)
[2026-04-17T22:31:26.547+0800][gc,heap       ] GC(12) Survivor regions: 3->4(7)
[2026-04-17T22:31:26.547+0800][gc,heap       ] GC(12) Old regions: 16->16
[2026-04-17T22:31:26.547+0800][gc,heap       ] GC(12) Humongous regions: 129->129
[2026-04-17T22:31:26.547+0800][gc,metaspace  ] GC(12) Metaspace: 42239K(44672K)->42239K(44672K) NonClass: 36891K(38144K)->36891K(38144K) Class: 5348K(6528K)->5348K(6528K)
[2026-04-17T22:31:26.547+0800][gc            ] GC(12) Pause Young (Normal) (G1 Evacuation Pause) 194M->146M(1024M) 17.135ms
[2026-04-17T22:31:26.547+0800][gc,cpu        ] GC(12) User=0.09s Sys=0.00s Real=0.02s
[2026-04-17T22:33:03.450+0800][gc,start      ] GC(13) Pause Young (Normal) (G1 Evacuation Pause)
[2026-04-17T22:33:03.458+0800][gc,task       ] GC(13) Using 8 workers of 8 for evacuation
[2026-04-17T22:33:03.564+0800][gc,mmu        ] GC(13) MMU target violated: 21.0ms (20.0ms/21.0ms)
[2026-04-17T22:33:03.564+0800][gc,phases     ] GC(13)   Pre Evacuate Collection Set: 6.9ms
[2026-04-17T22:33:03.564+0800][gc,phases     ] GC(13)   Evacuate Collection Set: 92.3ms
[2026-04-17T22:33:03.564+0800][gc,phases     ] GC(13)   Post Evacuate Collection Set: 5.1ms
[2026-04-17T22:33:03.564+0800][gc,phases     ] GC(13)   Other: 10.1ms
[2026-04-17T22:33:03.564+0800][gc,heap       ] GC(13) Eden regions: 47->0(47)
[2026-04-17T22:33:03.564+0800][gc,heap       ] GC(13) Survivor regions: 4->4(7)
[2026-04-17T22:33:03.564+0800][gc,heap       ] GC(13) Old regions: 16->16
[2026-04-17T22:33:03.564+0800][gc,heap       ] GC(13) Humongous regions: 129->129
[2026-04-17T22:33:03.564+0800][gc,metaspace  ] GC(13) Metaspace: 42271K(44928K)->42271K(44928K) NonClass: 36923K(38400K)->36923K(38400K) Class: 5348K(6528K)->5348K(6528K)
[2026-04-17T22:33:03.564+0800][gc            ] GC(13) Pause Young (Normal) (G1 Evacuation Pause) 193M->146M(1024M) 114.130ms
[2026-04-17T22:33:03.565+0800][gc,cpu        ] GC(13) User=0.61s Sys=0.12s Real=0.11s
[2026-04-17T22:34:43.266+0800][gc,start      ] GC(14) Pause Young (Normal) (G1 Evacuation Pause)
[2026-04-17T22:34:43.266+0800][gc,task       ] GC(14) Using 8 workers of 8 for evacuation
[2026-04-17T22:34:43.299+0800][gc,mmu        ] GC(14) MMU target violated: 21.0ms (20.0ms/21.0ms)
[2026-04-17T22:34:43.300+0800][gc,phases     ] GC(14)   Pre Evacuate Collection Set: 1.7ms
[2026-04-17T22:34:43.300+0800][gc,phases     ] GC(14)   Evacuate Collection Set: 22.3ms
[2026-04-17T22:34:43.300+0800][gc,phases     ] GC(14)   Post Evacuate Collection Set: 8.4ms
[2026-04-17T22:34:43.300+0800][gc,phases     ] GC(14)   Other: 1.1ms
[2026-04-17T22:34:43.300+0800][gc,heap       ] GC(14) Eden regions: 47->0(47)
[2026-04-17T22:34:43.300+0800][gc,heap       ] GC(14) Survivor regions: 4->4(7)
[2026-04-17T22:34:43.300+0800][gc,heap       ] GC(14) Old regions: 16->16
[2026-04-17T22:34:43.300+0800][gc,heap       ] GC(14) Humongous regions: 129->129
[2026-04-17T22:34:43.300+0800][gc,metaspace  ] GC(14) Metaspace: 42367K(44928K)->42367K(44928K) NonClass: 37019K(38400K)->37019K(38400K) Class: 5348K(6528K)->5348K(6528K)
[2026-04-17T22:34:43.300+0800][gc            ] GC(14) Pause Young (Normal) (G1 Evacuation Pause) 193M->146M(1024M) 33.897ms
[2026-04-17T22:34:43.300+0800][gc,cpu        ] GC(14) User=0.22s Sys=0.00s Real=0.04s
[2026-04-17T22:34:51.820+0800][gc,heap,exit  ] Heap
[2026-04-17T22:34:51.820+0800][gc,heap,exit  ]  garbage-first heap   total 1048576K, used 158154K [0x00000000c0000000, 0x0000000100000000)
[2026-04-17T22:34:51.820+0800][gc,heap,exit  ]   region size 1024K, 14 young (14336K), 4 survivors (4096K)
[2026-04-17T22:34:51.820+0800][gc,heap,exit  ]  Metaspace       used 43148K, capacity 45797K, committed 46080K, reserved 1089536K
[2026-04-17T22:34:51.820+0800][gc,heap,exit  ]   class space    used 5554K, capacity 6815K, committed 6912K, reserved 1048576K
