[2026-04-17T22:14:09.748+0800][gc,heap] Heap region size: 1M
[2026-04-17T22:14:09.772+0800][gc     ] Using G1
[2026-04-17T22:14:09.772+0800][gc,heap,coops] Heap address: 0x00000000e0000000, size: 512 MB, Compressed Oops mode: 32-bit
[2026-04-17T22:14:09.773+0800][gc,cds       ] Mark closed archive regions in map: [0x00000000fff00000, 0x00000000fff6bff8]
[2026-04-17T22:14:09.773+0800][gc,cds       ] Mark open archive regions in map: [0x00000000ffe00000, 0x00000000ffe47ff8]
[2026-04-17T22:14:11.602+0800][gc,start     ] GC(0) Pause Young (Normal) (G1 Evacuation Pause)
[2026-04-17T22:14:11.606+0800][gc,task      ] GC(0) Using 8 workers of 8 for evacuation
[2026-04-17T22:14:11.625+0800][gc,phases    ] GC(0)   Pre Evacuate Collection Set: 0.1ms
[2026-04-17T22:14:11.625+0800][gc,phases    ] GC(0)   Evacuate Collection Set: 16.1ms
[2026-04-17T22:14:11.625+0800][gc,phases    ] GC(0)   Post Evacuate Collection Set: 1.5ms
[2026-04-17T22:14:11.625+0800][gc,phases    ] GC(0)   Other: 4.7ms
[2026-04-17T22:14:11.625+0800][gc,heap      ] GC(0) Eden regions: 25->0(21)
[2026-04-17T22:14:11.625+0800][gc,heap      ] GC(0) Survivor regions: 0->4(4)
[2026-04-17T22:14:11.625+0800][gc,heap      ] GC(0) Old regions: 2->5
[2026-04-17T22:14:11.625+0800][gc,heap      ] GC(0) Humongous regions: 0->0
[2026-04-17T22:14:11.625+0800][gc,metaspace ] GC(0) Metaspace: 7423K(7936K)->7423K(7936K) NonClass: 6595K(6912K)->6595K(6912K) Class: 828K(1024K)->828K(1024K)
[2026-04-17T22:14:11.625+0800][gc           ] GC(0) Pause Young (Normal) (G1 Evacuation Pause) 25M->7M(512M) 22.491ms
[2026-04-17T22:14:11.625+0800][gc,cpu       ] GC(0) User=0.09s Sys=0.04s Real=0.02s
[2026-04-17T22:34:52.065+0800][gc,heap,exit ] Heap
[2026-04-17T22:34:52.067+0800][gc,heap,exit ]  garbage-first heap   total 524288K, used 20083K [0x00000000e0000000, 0x0000000100000000)
[2026-04-17T22:34:52.067+0800][gc,heap,exit ]   region size 1024K, 17 young (17408K), 4 survivors (4096K)
[2026-04-17T22:34:52.067+0800][gc,heap,exit ]  Metaspace       used 9188K, capacity 9558K, committed 9856K, reserved 1058816K
[2026-04-17T22:34:52.067+0800][gc,heap,exit ]   class space    used 990K, capacity 1151K, committed 1152K, reserved 1048576K
